logs QAction connected
logs QAction triggered checked=False
show_logs called
window=<__main__.LogWindow object at 0x00000291AB5393B0> visible=False
show_logs completed visible=True
logs QAction triggered checked=False
show_logs called
window=<__main__.LogWindow object at 0x00000291AB5393B0> visible=True
show_logs completed visible=True
show_logs called
window=<tray.LogWindow object at 0x000001A56B274C30> visible=False
show_logs completed visible=True hwnd=1510878 geometry=(260, 174, 760, 480)
deferred present visible=True geometry=(260, 174, 760, 480)
show_logs called
window=<tray.LogWindow object at 0x0000021E4A174C30> visible=False
show_logs completed visible=True hwnd=5704418 geometry=(260, 174, 760, 480)
deferred present visible=True geometry=(260, 174, 760, 480)
logs QAction connected
logs QAction triggered checked=False
show_logs called
window=<__main__.LogWindow object at 0x0000024C96B782D0> visible=False
show_logs completed visible=True hwnd=1314146 geometry=(260, 174, 760, 480)
deferred present visible=True geometry=(260, 174, 760, 480)
logs QAction triggered checked=False
show_logs called
window=<__main__.LogWindow object at 0x0000024C96B782D0> visible=True
show_logs completed visible=True hwnd=1314146 geometry=(260, 174, 760, 480)
deferred present visible=True geometry=(260, 174, 760, 480)
logs QAction connected
logs QAction connected
logs QAction connected
